// Jest Snapshot v1, https://goo.gl/fbAQLP

exports[`<PrimaryButton /> should render PrimaryButton component 1`] = `
<button
  class="sc-beyTiQ sc-guDMob bFOxeO bDhOyw"
  data-testid="test-primary-button-id"
  id="primary-button-id"
>
  Test Primary Button
</button>
`;

exports[`<SecondaryButton /> should render SecondaryButton component 1`] = `
<button
  class="sc-beyTiQ sc-dmyDmy bFOxeO kBSTbV"
  data-testid="test-secondary-button-id"
  id="secondary-button-id"
>
  Test Secondary Button
</button>
`;
