// Jest Snapshot v1, https://goo.gl/fbAQLP

exports[`<App /> should render the App 1`] = `
<div
  class="sc-ifysJV hIobMm"
>
  <div
    class="sc-blmCWO BlOGE"
  >
    <div
      class="sc-kFCrIq emnCRV"
    >
      Spotify Playlist Janitor
    </div>
  </div>
  <div
    class="sc-beyTiQ elccEX"
  >
    API URL: 
    https://localhost:5001
  </div>
</div>
`;
